2026-08-12T10:11:56.515+02:00  INFO 10224 --- [FadeApp] [main] dev.Fade.FadeApp.FadeAppApplication      : Starting FadeAppApplication using Java 21.0.12 with PID 10224 (C:\Code\FadeApp\BackEndFadeApp\target\classes started by Pasca in C:\Code\FadeApp\BackEndFadeApp)
2026-08-12T10:11:56.532+02:00  INFO 10224 --- [FadeApp] [main] dev.Fade.FadeApp.FadeAppApplication      : No active profile set, falling back to 1 default profile: "default"
2026-08-12T10:12:10.456+02:00  INFO 10224 --- [FadeApp] [main] .s.d.r.c.RepositoryConfigurationDelegate : Bootstrapping Spring Data JPA repositories in DEFAULT mode.
2026-08-12T10:12:10.569+02:00  INFO 10224 --- [FadeApp] [main] .s.d.r.c.RepositoryConfigurationDelegate : Finished Spring Data repository scanning in 98 ms. Found 2 JPA repository interfaces.
2026-08-12T10:12:11.603+02:00  INFO 10224 --- [FadeApp] [main] o.s.boot.tomcat.TomcatWebServer          : Tomcat initialized with port 8080 (http)
2026-08-12T10:12:11.661+02:00  INFO 10224 --- [FadeApp] [main] o.apache.catalina.core.StandardService   : Starting service [Tomcat]
2026-08-12T10:12:11.662+02:00  INFO 10224 --- [FadeApp] [main] o.apache.catalina.core.StandardEngine    : Starting Servlet engine: [Apache Tomcat/11.0.22]
2026-08-12T10:12:11.831+02:00  INFO 10224 --- [FadeApp] [main] b.w.c.s.WebApplicationContextInitializer : Root WebApplicationContext: initialization completed in 15220 ms
2026-08-12T10:12:12.500+02:00  INFO 10224 --- [FadeApp] [main] org.hibernate.orm.jpa                    : HHH008540: Processing PersistenceUnitInfo [name: default]
2026-08-12T10:12:12.595+02:00  INFO 10224 --- [FadeApp] [main] org.hibernate.orm.core                   : HHH000001: Hibernate ORM core version 7.4.1.Final
2026-08-12T10:12:13.550+02:00  INFO 10224 --- [FadeApp] [main] o.s.o.j.p.SpringPersistenceUnitInfo      : No LoadTimeWeaver setup: ignoring JPA class transformer
2026-08-12T10:12:13.644+02:00  INFO 10224 --- [FadeApp] [main] com.zaxxer.hikari.HikariDataSource       : HikariPool-1 - Starting...
2026-08-12T10:12:14.079+02:00  INFO 10224 --- [FadeApp] [main] com.zaxxer.hikari.pool.HikariPool        : HikariPool-1 - Added connection org.postgresql.jdbc.PgConnection@86bf90b
2026-08-12T10:12:14.081+02:00  INFO 10224 --- [FadeApp] [main] com.zaxxer.hikari.HikariDataSource       : HikariPool-1 - Start completed.
2026-08-12T10:12:14.340+02:00  INFO 10224 --- [FadeApp] [main] org.hibernate.orm.connections.pooling    : HHH10001005: Database info:
	Database JDBC URL [jdbc:postgresql://localhost:5432/fadeapp]
	Database driver: PostgreSQL JDBC Driver
	Database dialect: PostgreSQLDialect
	Database version: 17.10
	Default catalog/schema: fadeapp/public
	Autocommit mode: undefined/unknown
	Isolation level: READ_COMMITTED [default READ_COMMITTED]
	JDBC fetch size: none
	Pool: DataSourceConnectionProvider
	Minimum pool size: undefined/unknown
	Maximum pool size: undefined/unknown
2026-08-12T10:12:16.870+02:00  INFO 10224 --- [FadeApp] [main] org.hibernate.orm.core                   : HHH000489: No JTA platform available (set 'hibernate.transaction.jta.platform' to enable JTA platform integration)
2026-08-12T10:12:17.041+02:00  INFO 10224 --- [FadeApp] [main] j.LocalContainerEntityManagerFactoryBean : Initialized JPA EntityManagerFactory for persistence unit 'default'
2026-08-12T10:12:17.141+02:00  INFO 10224 --- [FadeApp] [main] o.s.d.j.r.query.QueryEnhancerFactories   : Hibernate is in classpath; If applicable, HQL parser will be used.
2026-08-12T10:12:18.211+02:00  WARN 10224 --- [FadeApp] [main] JpaBaseConfiguration$JpaWebConfiguration : spring.jpa.open-in-view is enabled by default. Therefore, database queries may be performed during view rendering. Explicitly configure spring.jpa.open-in-view to disable this warning
2026-08-12T10:12:18.772+02:00  INFO 10224 --- [FadeApp] [main] o.s.b.a.e.web.EndpointLinksResolver      : Exposing 1 endpoint beneath base path '/actuator'
2026-08-12T10:12:18.880+02:00  INFO 10224 --- [FadeApp] [main] o.s.boot.tomcat.TomcatWebServer          : Tomcat started on port 8080 (http) with context path '/'
2026-08-12T10:12:18.891+02:00  INFO 10224 --- [FadeApp] [main] dev.Fade.FadeApp.FadeAppApplication      : Started FadeAppApplication in 23.101 seconds (process running for 23.725)
2026-08-12T10:12:22.351+02:00  INFO 10224 --- [FadeApp] [http-nio-8080-exec-1] o.a.c.c.C.[Tomcat].[localhost].[/]       : Initializing Spring DispatcherServlet 'dispatcherServlet'
2026-08-12T10:12:22.352+02:00  INFO 10224 --- [FadeApp] [http-nio-8080-exec-1] o.s.web.servlet.DispatcherServlet        : Initializing Servlet 'dispatcherServlet'
2026-08-12T10:12:22.357+02:00  INFO 10224 --- [FadeApp] [http-nio-8080-exec-1] o.s.web.servlet.DispatcherServlet        : Completed initialization in 2 ms
2026-08-12T10:37:32.892+02:00  INFO 10224 --- [FadeApp] [SpringApplicationShutdownHook] o.s.boot.tomcat.GracefulShutdown         : Commencing graceful shutdown. Waiting for active requests to complete
2026-08-12T10:37:32.898+02:00  INFO 10224 --- [FadeApp] [tomcat-shutdown] o.s.boot.tomcat.GracefulShutdown         : Graceful shutdown complete
2026-08-12T10:37:32.903+02:00  INFO 10224 --- [FadeApp] [SpringApplicationShutdownHook] j.LocalContainerEntityManagerFactoryBean : Closing JPA EntityManagerFactory for persistence unit 'default'
2026-08-12T10:37:32.905+02:00  INFO 10224 --- [FadeApp] [SpringApplicationShutdownHook] com.zaxxer.hikari.HikariDataSource       : HikariPool-1 - Shutdown initiated...
2026-08-12T10:37:32.910+02:00  INFO 10224 --- [FadeApp] [SpringApplicationShutdownHook] com.zaxxer.hikari.HikariDataSource       : HikariPool-1 - Shutdown completed.
